[dotenv@17.2.3] injecting env (10) from .env -- tip: ­ƒöÉ prevent building .env in docker: https://dotenvx.com/prebuild
[dotenv@17.2.3] injecting env (0) from .env -- tip: ­ƒôí add observability to secrets: https://dotenvx.com/ops
[dotenv@17.2.3] injecting env (0) from .env -- tip: ­ƒæÑ sync secrets across teammates & machines: https://dotenvx.com/ops
[Sourcing Campaign Manager] Resuming active campaigns from database...
Server running on port 3001
[Sourcing Campaign Manager] Scheduling campaign 6 with cron: 0 */6 * * *
[Sourcing Campaign Manager] Scheduling campaign 7 with cron: 0 */6 * * *
[Sourcing Campaign Manager] Scheduling campaign 8 with cron: 0 */6 * * *
[Sourcing Campaign Manager] Resumed 3 active campaigns
[33m[2026-02-27T18:04:22.063Z] GET /api/notifications/unread-count 304 - 6ms[0m
[31m[2026-02-27T18:04:36.406Z] GET /api/evaluations/team 403 - 3ms[0m
[33m[2026-02-27T18:04:52.052Z] GET /api/notifications/unread-count 304 - 2ms[0m
[33m[2026-02-27T18:05:22.049Z] GET /api/notifications/unread-count 304 - 2ms[0m
[31m[2026-02-27T18:05:22.914Z] GET /api/evaluations/team 403 - 1ms[0m
[33m[2026-02-27T18:05:52.050Z] GET /api/notifications/unread-count 304 - 2ms[0m
[32m[2026-02-27T18:05:59.887Z] GET / 200 - 1ms[0m
[33m[2026-02-27T18:06:22.051Z] GET /api/notifications/unread-count 304 - 3ms[0m
[33m[2026-02-27T18:06:52.051Z] GET /api/notifications/unread-count 304 - 2ms[0m
[33m[2026-02-27T18:07:22.056Z] GET /api/notifications/unread-count 304 - 3ms[0m
[33m[2026-02-27T18:07:52.053Z] GET /api/notifications/unread-count 304 - 3ms[0m
[33m[2026-02-27T18:08:22.056Z] GET /api/notifications/unread-count 304 - 2ms[0m
[33m[2026-02-27T18:08:52.054Z] GET /api/notifications/unread-count 304 - 2ms[0m
[33m[2026-02-27T18:09:22.052Z] GET /api/notifications/unread-count 304 - 2ms[0m
[33m[2026-02-27T18:09:52.051Z] GET /api/notifications/unread-count 304 - 2ms[0m
[33m[2026-02-27T18:10:22.049Z] GET /api/notifications/unread-count 304 - 2ms[0m
[31m[2026-02-27T18:10:36.967Z] GET /api/evaluations/team 403 - 1ms[0m
[33m[2026-02-27T18:10:52.048Z] GET /api/notifications/unread-count 304 - 2ms[0m
[32m[2026-02-27T18:11:06.712Z] GET / 200 - 1ms[0m
